
> @medicore/tenant-service@1.0.0 dev
> ts-node-dev --respawn --transpile-only src/main.ts

[INFO] 16:05:19 ts-node-dev ver. 2.0.0 (using ts-node ver. 10.9.2, typescript ver. 5.9.3)
[32m[Nest] 5928  - [39m10/23/2025, 4:05:20 PM [32m    LOG[39m [38;5;3m[NestFactory] [39m[32mStarting Nest application...[39m
[32m[Nest] 5928  - [39m10/23/2025, 4:05:20 PM [32m    LOG[39m [38;5;3m[InstanceLoader] [39m[32mTypeOrmModule dependencies initialized[39m[38;5;3m +20ms[39m
[32m[Nest] 5928  - [39m10/23/2025, 4:05:20 PM [32m    LOG[39m [38;5;3m[InstanceLoader] [39m[32mConfigHostModule dependencies initialized[39m[38;5;3m +0ms[39m
[32m[Nest] 5928  - [39m10/23/2025, 4:05:20 PM [32m    LOG[39m [38;5;3m[InstanceLoader] [39m[32mConfigModule dependencies initialized[39m[38;5;3m +0ms[39m
[31m[Nest] 5928  - [39m10/23/2025, 4:05:20 PM [31m  ERROR[39m [38;5;3m[TypeOrmModule] [39m[31mUnable to connect to the database. Retrying (1)...[39m
AggregateError: 
    at internalConnectMultiple (node:net:1134:18)
    at afterConnectMultiple (node:net:1715:7)
[31m[Nest] 5928  - [39m10/23/2025, 4:05:23 PM [31m  ERROR[39m [38;5;3m[TypeOrmModule] [39m[31mUnable to connect to the database. Retrying (2)...[39m
AggregateError: 
    at internalConnectMultiple (node:net:1134:18)
    at afterConnectMultiple (node:net:1715:7)
[31m[Nest] 5928  - [39m10/23/2025, 4:05:26 PM [31m  ERROR[39m [38;5;3m[TypeOrmModule] [39m[31mUnable to connect to the database. Retrying (3)...[39m
AggregateError: 
    at internalConnectMultiple (node:net:1134:18)
    at afterConnectMultiple (node:net:1715:7)
[31m[Nest] 5928  - [39m10/23/2025, 4:05:29 PM [31m  ERROR[39m [38;5;3m[TypeOrmModule] [39m[31mUnable to connect to the database. Retrying (4)...[39m
AggregateError: 
    at internalConnectMultiple (node:net:1134:18)
    at afterConnectMultiple (node:net:1715:7)
[31m[Nest] 5928  - [39m10/23/2025, 4:05:32 PM [31m  ERROR[39m [38;5;3m[TypeOrmModule] [39m[31mUnable to connect to the database. Retrying (5)...[39m
AggregateError: 
    at internalConnectMultiple (node:net:1134:18)
    at afterConnectMultiple (node:net:1715:7)
[31m[Nest] 5928  - [39m10/23/2025, 4:05:35 PM [31m  ERROR[39m [38;5;3m[TypeOrmModule] [39m[31mUnable to connect to the database. Retrying (6)...[39m
AggregateError: 
    at internalConnectMultiple (node:net:1134:18)
    at afterConnectMultiple (node:net:1715:7)
[31m[Nest] 5928  - [39m10/23/2025, 4:05:38 PM [31m  ERROR[39m [38;5;3m[TypeOrmModule] [39m[31mUnable to connect to the database. Retrying (7)...[39m
AggregateError: 
    at internalConnectMultiple (node:net:1134:18)
    at afterConnectMultiple (node:net:1715:7)
[31m[Nest] 5928  - [39m10/23/2025, 4:05:41 PM [31m  ERROR[39m [38;5;3m[TypeOrmModule] [39m[31mUnable to connect to the database. Retrying (8)...[39m
AggregateError: 
    at internalConnectMultiple (node:net:1134:18)
    at afterConnectMultiple (node:net:1715:7)
[31m[Nest] 5928  - [39m10/23/2025, 4:05:44 PM [31m  ERROR[39m [38;5;3m[TypeOrmModule] [39m[31mUnable to connect to the database. Retrying (9)...[39m
AggregateError: 
    at internalConnectMultiple (node:net:1134:18)
    at afterConnectMultiple (node:net:1715:7)
[31m[Nest] 5928  - [39m10/23/2025, 4:05:44 PM [31m  ERROR[39m [38;5;3m[ExceptionHandler] [39m[31m[39m
AggregateError: 
    at internalConnectMultiple (node:net:1134:18)
    at afterConnectMultiple (node:net:1715:7)
[INFO] 16:13:24 Restarting: /Users/devoop/Dev/personal/medicore/services/tenant-service/src/main.ts has been modified
[32m[Nest] 8207  - [39m10/23/2025, 4:13:25 PM [32m    LOG[39m [38;5;3m[NestFactory] [39m[32mStarting Nest application...[39m
[32m[Nest] 8207  - [39m10/23/2025, 4:13:25 PM [32m    LOG[39m [38;5;3m[InstanceLoader] [39m[32mTypeOrmModule dependencies initialized[39m[38;5;3m +20ms[39m
[32m[Nest] 8207  - [39m10/23/2025, 4:13:25 PM [32m    LOG[39m [38;5;3m[InstanceLoader] [39m[32mConfigHostModule dependencies initialized[39m[38;5;3m +0ms[39m
[32m[Nest] 8207  - [39m10/23/2025, 4:13:25 PM [32m    LOG[39m [38;5;3m[InstanceLoader] [39m[32mConfigModule dependencies initialized[39m[38;5;3m +0ms[39m
[31m[Nest] 8207  - [39m10/23/2025, 4:13:25 PM [31m  ERROR[39m [38;5;3m[TypeOrmModule] [39m[31mUnable to connect to the database. Retrying (1)...[39m
Error: getaddrinfo ENOTFOUND postgres-master
    at GetAddrInfoReqWrap.onlookupall [as oncomplete] (node:dns:122:26)
[31m[Nest] 8207  - [39m10/23/2025, 4:13:28 PM [31m  ERROR[39m [38;5;3m[TypeOrmModule] [39m[31mUnable to connect to the database. Retrying (2)...[39m
Error: getaddrinfo ENOTFOUND postgres-master
    at GetAddrInfoReqWrap.onlookupall [as oncomplete] (node:dns:122:26)
[31m[Nest] 8207  - [39m10/23/2025, 4:13:31 PM [31m  ERROR[39m [38;5;3m[TypeOrmModule] [39m[31mUnable to connect to the database. Retrying (3)...[39m
Error: getaddrinfo ENOTFOUND postgres-master
    at GetAddrInfoReqWrap.onlookupall [as oncomplete] (node:dns:122:26)
[31m[Nest] 8207  - [39m10/23/2025, 4:13:34 PM [31m  ERROR[39m [38;5;3m[TypeOrmModule] [39m[31mUnable to connect to the database. Retrying (4)...[39m
Error: getaddrinfo ENOTFOUND postgres-master
    at GetAddrInfoReqWrap.onlookupall [as oncomplete] (node:dns:122:26)
[31m[Nest] 8207  - [39m10/23/2025, 4:13:37 PM [31m  ERROR[39m [38;5;3m[TypeOrmModule] [39m[31mUnable to connect to the database. Retrying (5)...[39m
Error: getaddrinfo ENOTFOUND postgres-master
    at GetAddrInfoReqWrap.onlookupall [as oncomplete] (node:dns:122:26)
[31m[Nest] 8207  - [39m10/23/2025, 4:13:40 PM [31m  ERROR[39m [38;5;3m[TypeOrmModule] [39m[31mUnable to connect to the database. Retrying (6)...[39m
Error: getaddrinfo ENOTFOUND postgres-master
    at GetAddrInfoReqWrap.onlookupall [as oncomplete] (node:dns:122:26)
[31m[Nest] 8207  - [39m10/23/2025, 4:13:43 PM [31m  ERROR[39m [38;5;3m[TypeOrmModule] [39m[31mUnable to connect to the database. Retrying (7)...[39m
Error: getaddrinfo ENOTFOUND postgres-master
    at GetAddrInfoReqWrap.onlookupall [as oncomplete] (node:dns:122:26)
[31m[Nest] 8207  - [39m10/23/2025, 4:13:46 PM [31m  ERROR[39m [38;5;3m[TypeOrmModule] [39m[31mUnable to connect to the database. Retrying (8)...[39m
Error: getaddrinfo ENOTFOUND postgres-master
    at GetAddrInfoReqWrap.onlookupall [as oncomplete] (node:dns:122:26)
[31m[Nest] 8207  - [39m10/23/2025, 4:13:49 PM [31m  ERROR[39m [38;5;3m[TypeOrmModule] [39m[31mUnable to connect to the database. Retrying (9)...[39m
Error: getaddrinfo ENOTFOUND postgres-master
    at GetAddrInfoReqWrap.onlookupall [as oncomplete] (node:dns:122:26)
[31m[Nest] 8207  - [39m10/23/2025, 4:13:49 PM [31m  ERROR[39m [38;5;3m[ExceptionHandler] [39m[31mgetaddrinfo ENOTFOUND postgres-master[39m
Error: getaddrinfo ENOTFOUND postgres-master
    at GetAddrInfoReqWrap.onlookupall [as oncomplete] (node:dns:122:26)
[INFO] 16:15:07 Restarting: /Users/devoop/Dev/personal/medicore/services/tenant-service/src/services/database-provisioning.service.ts has been modified
[32m[Nest] 8744  - [39m10/23/2025, 4:15:08 PM [32m    LOG[39m [38;5;3m[NestFactory] [39m[32mStarting Nest application...[39m
[32m[Nest] 8744  - [39m10/23/2025, 4:15:08 PM [32m    LOG[39m [38;5;3m[InstanceLoader] [39m[32mTypeOrmModule dependencies initialized[39m[38;5;3m +21ms[39m
[32m[Nest] 8744  - [39m10/23/2025, 4:15:08 PM [32m    LOG[39m [38;5;3m[InstanceLoader] [39m[32mConfigHostModule dependencies initialized[39m[38;5;3m +0ms[39m
[32m[Nest] 8744  - [39m10/23/2025, 4:15:08 PM [32m    LOG[39m [38;5;3m[InstanceLoader] [39m[32mConfigModule dependencies initialized[39m[38;5;3m +0ms[39m
[31m[Nest] 8744  - [39m10/23/2025, 4:15:08 PM [31m  ERROR[39m [38;5;3m[TypeOrmModule] [39m[31mUnable to connect to the database. Retrying (1)...[39m
Error: getaddrinfo ENOTFOUND postgres-master
    at GetAddrInfoReqWrap.onlookupall [as oncomplete] (node:dns:122:26)
[31m[Nest] 8744  - [39m10/23/2025, 4:15:11 PM [31m  ERROR[39m [38;5;3m[TypeOrmModule] [39m[31mUnable to connect to the database. Retrying (2)...[39m
Error: getaddrinfo ENOTFOUND postgres-master
    at GetAddrInfoReqWrap.onlookupall [as oncomplete] (node:dns:122:26)
[31m[Nest] 8744  - [39m10/23/2025, 4:15:14 PM [31m  ERROR[39m [38;5;3m[TypeOrmModule] [39m[31mUnable to connect to the database. Retrying (3)...[39m
Error: getaddrinfo ENOTFOUND postgres-master
    at GetAddrInfoReqWrap.onlookupall [as oncomplete] (node:dns:122:26)
[31m[Nest] 8744  - [39m10/23/2025, 4:15:17 PM [31m  ERROR[39m [38;5;3m[TypeOrmModule] [39m[31mUnable to connect to the database. Retrying (4)...[39m
Error: getaddrinfo ENOTFOUND postgres-master
    at GetAddrInfoReqWrap.onlookupall [as oncomplete] (node:dns:122:26)
[31m[Nest] 8744  - [39m10/23/2025, 4:15:20 PM [31m  ERROR[39m [38;5;3m[TypeOrmModule] [39m[31mUnable to connect to the database. Retrying (5)...[39m
Error: getaddrinfo ENOTFOUND postgres-master
    at GetAddrInfoReqWrap.onlookupall [as oncomplete] (node:dns:122:26)
[31m[Nest] 8744  - [39m10/23/2025, 4:15:23 PM [31m  ERROR[39m [38;5;3m[TypeOrmModule] [39m[31mUnable to connect to the database. Retrying (6)...[39m
Error: getaddrinfo ENOTFOUND postgres-master
    at GetAddrInfoReqWrap.onlookupall [as oncomplete] (node:dns:122:26)
[31m[Nest] 8744  - [39m10/23/2025, 4:15:26 PM [31m  ERROR[39m [38;5;3m[TypeOrmModule] [39m[31mUnable to connect to the database. Retrying (7)...[39m
Error: getaddrinfo ENOTFOUND postgres-master
    at GetAddrInfoReqWrap.onlookupall [as oncomplete] (node:dns:122:26)
[31m[Nest] 8744  - [39m10/23/2025, 4:15:29 PM [31m  ERROR[39m [38;5;3m[TypeOrmModule] [39m[31mUnable to connect to the database. Retrying (8)...[39m
Error: getaddrinfo ENOTFOUND postgres-master
    at GetAddrInfoReqWrap.onlookupall [as oncomplete] (node:dns:122:26)
[31m[Nest] 8744  - [39m10/23/2025, 4:15:32 PM [31m  ERROR[39m [38;5;3m[TypeOrmModule] [39m[31mUnable to connect to the database. Retrying (9)...[39m
Error: getaddrinfo ENOTFOUND postgres-master
    at GetAddrInfoReqWrap.onlookupall [as oncomplete] (node:dns:122:26)
[31m[Nest] 8744  - [39m10/23/2025, 4:15:32 PM [31m  ERROR[39m [38;5;3m[ExceptionHandler] [39m[31mgetaddrinfo ENOTFOUND postgres-master[39m
Error: getaddrinfo ENOTFOUND postgres-master
    at GetAddrInfoReqWrap.onlookupall [as oncomplete] (node:dns:122:26)
[INFO] 16:16:32 Restarting: /Users/devoop/Dev/personal/medicore/services/tenant-service/src/services/database-provisioning.service.ts has been modified
[32m[Nest] 9155  - [39m10/23/2025, 4:16:32 PM [32m    LOG[39m [38;5;3m[NestFactory] [39m[32mStarting Nest application...[39m
[32m[Nest] 9155  - [39m10/23/2025, 4:16:32 PM [32m    LOG[39m [38;5;3m[InstanceLoader] [39m[32mTypeOrmModule dependencies initialized[39m[38;5;3m +19ms[39m
[32m[Nest] 9155  - [39m10/23/2025, 4:16:32 PM [32m    LOG[39m [38;5;3m[InstanceLoader] [39m[32mConfigHostModule dependencies initialized[39m[38;5;3m +0ms[39m
[32m[Nest] 9155  - [39m10/23/2025, 4:16:32 PM [32m    LOG[39m [38;5;3m[InstanceLoader] [39m[32mConfigModule dependencies initialized[39m[38;5;3m +0ms[39m
[31m[Nest] 9155  - [39m10/23/2025, 4:16:32 PM [31m  ERROR[39m [38;5;3m[TypeOrmModule] [39m[31mUnable to connect to the database. Retrying (1)...[39m
Error: getaddrinfo ENOTFOUND postgres-master
    at GetAddrInfoReqWrap.onlookupall [as oncomplete] (node:dns:122:26)
[31m[Nest] 9155  - [39m10/23/2025, 4:16:35 PM [31m  ERROR[39m [38;5;3m[TypeOrmModule] [39m[31mUnable to connect to the database. Retrying (2)...[39m
Error: getaddrinfo ENOTFOUND postgres-master
    at GetAddrInfoReqWrap.onlookupall [as oncomplete] (node:dns:122:26)
[31m[Nest] 9155  - [39m10/23/2025, 4:16:38 PM [31m  ERROR[39m [38;5;3m[TypeOrmModule] [39m[31mUnable to connect to the database. Retrying (3)...[39m
Error: getaddrinfo ENOTFOUND postgres-master
    at GetAddrInfoReqWrap.onlookupall [as oncomplete] (node:dns:122:26)
[31m[Nest] 9155  - [39m10/23/2025, 4:16:41 PM [31m  ERROR[39m [38;5;3m[TypeOrmModule] [39m[31mUnable to connect to the database. Retrying (4)...[39m
Error: getaddrinfo ENOTFOUND postgres-master
    at GetAddrInfoReqWrap.onlookupall [as oncomplete] (node:dns:122:26)
[31m[Nest] 9155  - [39m10/23/2025, 4:16:44 PM [31m  ERROR[39m [38;5;3m[TypeOrmModule] [39m[31mUnable to connect to the database. Retrying (5)...[39m
Error: getaddrinfo ENOTFOUND postgres-master
    at GetAddrInfoReqWrap.onlookupall [as oncomplete] (node:dns:122:26)
[31m[Nest] 9155  - [39m10/23/2025, 4:16:47 PM [31m  ERROR[39m [38;5;3m[TypeOrmModule] [39m[31mUnable to connect to the database. Retrying (6)...[39m
Error: getaddrinfo ENOTFOUND postgres-master
    at GetAddrInfoReqWrap.onlookupall [as oncomplete] (node:dns:122:26)
[31m[Nest] 9155  - [39m10/23/2025, 4:16:50 PM [31m  ERROR[39m [38;5;3m[TypeOrmModule] [39m[31mUnable to connect to the database. Retrying (7)...[39m
Error: getaddrinfo ENOTFOUND postgres-master
    at GetAddrInfoReqWrap.onlookupall [as oncomplete] (node:dns:122:26)
[31m[Nest] 9155  - [39m10/23/2025, 4:16:53 PM [31m  ERROR[39m [38;5;3m[TypeOrmModule] [39m[31mUnable to connect to the database. Retrying (8)...[39m
Error: getaddrinfo ENOTFOUND postgres-master
    at GetAddrInfoReqWrap.onlookupall [as oncomplete] (node:dns:122:26)
[31m[Nest] 9155  - [39m10/23/2025, 4:16:56 PM [31m  ERROR[39m [38;5;3m[TypeOrmModule] [39m[31mUnable to connect to the database. Retrying (9)...[39m
Error: getaddrinfo ENOTFOUND postgres-master
    at GetAddrInfoReqWrap.onlookupall [as oncomplete] (node:dns:122:26)
[31m[Nest] 9155  - [39m10/23/2025, 4:16:56 PM [31m  ERROR[39m [38;5;3m[ExceptionHandler] [39m[31mgetaddrinfo ENOTFOUND postgres-master[39m
Error: getaddrinfo ENOTFOUND postgres-master
    at GetAddrInfoReqWrap.onlookupall [as oncomplete] (node:dns:122:26)
